[     292ms] [INFO] %cDownload the React DevTools for a better development experience: https://react.dev/link/react-devtools font-weight:bold @ http://localhost:5174/node_modules/.vite/deps/react-dom_client.js?v=6a4e8fdd:20100
[   10354ms] [ERROR] In HTML, %s cannot be a descendant of <%s>.
This will cause a hydration error.%s <button> button 

  <App>
    <AppProvider>
      <Shell>
        <div className="_shell_b3n...">
          <aside>
          <div>
          <CommandPalette>
          <UniverseNavigator>
            <div className="_scrim_1wm..." onMouseDown={function} role="presentation">
              <div className="_panel_1wm..." role="dialog" aria-modal="true" aria-labelledby="_r_1_" ...>
                <header>
                <div className="_list_1wmt..." ref={{current:null}} role="listbox" aria-label="currency p...">
                  <div>
>                 <button
>                   ref={function ref}
>                   type="button"
>                   role="option"
>                   aria-selected={true}
>                   className="_row_1wmt8_103 _rowActive_1wmt8_118 _rowCursor_1wmt8_114"
>                   onClick={function onClick}
>                   onMouseMove={function onMouseMove}
>                   title="EUR/USD — set active pair"
>                 >
>                   <button
>                     type="button"
>                     className={"_star_1wmt8_127 "}
>                     aria-label="favourite EUR/USD"
>                     aria-pressed={false}
>                     onClick={function onClick}
>                   >
                    ...
                  ...
                ...
 @ http://localhost:5174/node_modules/.vite/deps/react-dom_client.js?v=6a4e8fdd:2153
[  285292ms] [LOG] [vite] server connection lost. Polling for restart... @ http://localhost:5174/@vite/client:963
[  285518ms] [INFO] %cDownload the React DevTools for a better development experience: https://react.dev/link/react-devtools font-weight:bold @ http://localhost:5174/node_modules/.vite/deps/react-dom_client.js?v=6a4e8fdd:20100
[ 2038784ms] DataCloneError: Failed to execute 'measure' on 'Performance': Data cannot be cloned, out of memory.
    at logComponentRender (http://localhost:5174/node_modules/.vite/deps/react-dom_client.js?v=6a4e8fdd:3180:623)
    at commitPassiveMountOnFiber (http://localhost:5174/node_modules/.vite/deps/react-dom_client.js?v=6a4e8fdd:11024:131)
    at recursivelyTraversePassiveMountEffects (http://localhost:5174/node_modules/.vite/deps/react-dom_client.js?v=6a4e8fdd:11008:13)
    at commitPassiveMountOnFiber (http://localhost:5174/node_modules/.vite/deps/react-dom_client.js?v=6a4e8fdd:11199:13)
    at recursivelyTraversePassiveMountEffects (http://localhost:5174/node_modules/.vite/deps/react-dom_client.js?v=6a4e8fdd:11008:13)
    at commitPassiveMountOnFiber (http://localhost:5174/node_modules/.vite/deps/react-dom_client.js?v=6a4e8fdd:11199:13)
    at recursivelyTraversePassiveMountEffects (http://localhost:5174/node_modules/.vite/deps/react-dom_client.js?v=6a4e8fdd:11008:13)
    at commitPassiveMountOnFiber (http://localhost:5174/node_modules/.vite/deps/react-dom_client.js?v=6a4e8fdd:11031:13)
    at recursivelyTraversePassiveMountEffects (http://localhost:5174/node_modules/.vite/deps/react-dom_client.js?v=6a4e8fdd:11008:13)
    at commitPassiveMountOnFiber (http://localhost:5174/node_modules/.vite/deps/react-dom_client.js?v=6a4e8fdd:11199:13)
